123321        #0
brown         #2
fox           #3
====>> EOF <<====
this is magic #5
a quick       #4
brown         #3
fox           #2
hello         #1
world         #0
